python: can't open file '/workspaces/demo-brazil/tests/test_e2e.py': [Errno 2] No such file or directory
